// Jest Snapshot v1, https://goo.gl/fbAQLP

exports[`Тестируем Button.tsx проверяем снимок 1`] = `
<button
  className="button"
  type="button"
/>
`;
